node.exe : (node:16104) [DEP0176] DeprecationWarning: fs.F_OK is deprecated, us
e fs.constants.F_OK instead
строка:1 знак:76
+ ... \frontend"; & node .\node_modules\react-scripts\bin\react-scripts.js  ...
+                 ~~~~~~~~~~~~~~~~~~~~~~~~~~~~~~~~~~~~~~~~~~~~~~~~~~~~~~~~~
    + CategoryInfo          : NotSpecified: ((node:16104) [D...ts.F_OK instead 
   :String) [], RemoteException
    + FullyQualifiedErrorId : NativeCommandError
 
(Use `node --trace-deprecation ...` to show where the warning was created)
